A two word name: Shawn Rodriguez.
A really long name: Heather Kruegerheatherkruege-James
With a prefix: Mrs Charles Webb
K short name: Amy

Age: 31 years old
Date: 1991-03-1
Date2: 2008-08-02

Address: 5611 Smith .
Full address: 715 Hardy Walks 3, Lake Tanya
State: Mi East Laura.
State and city name: New Robert.
State and city name2: Levytonlevytonlevytonlevy

Phone: 363-908-9073
Email: hpark@example.org
Url: http://hall.com/

Identifier thing: 6685509
SSN: 371983-07-1
SSN-like: 5262008-06-0
Random number: 603330

Hospital1: brought to Odonnell and Sons
Hospital2: admitted from Brandon Nursing Center
Hospital3: chilling Gardner, Butler and Parks
